// Jest Snapshot v1, https://goo.gl/fbAQLP

exports[`Counter should render initial component 1`] = `
<div>
  <div
    class="title"
  >
    Clicked: 
    <span
      class="title--highlight"
    >
      0
    </span>
     times, value is 
    <span
      class="title--highlight"
    >
      even
    </span>
    .
  </div>
  <div>
    <v-btn
      color="info"
    >
      Increment
    </v-btn>
    <v-btn
      color="info"
    >
      Decrement
    </v-btn>
  </div>
  <div>
    <v-btn
      color="info"
    >
      Increment (Async)
    </v-btn>
    <v-btn
      color="info"
    >
      Decrement (Async)
    </v-btn>
    <v-btn
      color="info"
    >
      Increment (If Odd)
    </v-btn>
    <v-btn
      color="info"
    >
      Decrement (If Even)
    </v-btn>
  </div>
  <div>
    <v-btn
      color="info"
    >
      Start Count
    </v-btn>
    <v-btn
      color="info"
    >
      Cancel Count
    </v-btn>
  </div>
</div>
`;
