// Jest Snapshot v1, https://goo.gl/fbAQLP

exports[`Counter should render initial component 1`] = `
<v-container fluid="">
  <v-layout column="">
    <v-layout row="">
      <div class="headline pa-2">
        Clicked: <strong>0</strong> times, value is <strong>even</strong>.
      </div>
    </v-layout>
    <v-layout row="">
      <v-subheader class="pt-3">Step:</v-subheader>
      <div>
        <v-select items="1,2,3,4,5,6,7,8,9,10" single-line="" class="step"></v-select>
      </div>
    </v-layout>
    <v-layout row="">
      <v-btn color="primary">increment</v-btn>
      <v-btn color="primary">decrement</v-btn>
    </v-layout>
    <v-layout row="">
      <v-btn color="primary">increment (async)</v-btn>
      <v-btn color="primary">decrement (async)</v-btn>
      <v-btn color="primary">increment (ifOdd)</v-btn>
      <v-btn color="primary">decrement (ifEven)</v-btn>
    </v-layout>
    <v-layout row="">
      <v-btn color="primary" disabled="">Start Count</v-btn>
      <v-btn color="primary" disabled="">Cancel Count</v-btn>
    </v-layout>
  </v-layout>
</v-container>
`;
